------------------------------------------------------------
TimeQuest Timing Analyzer Summary
------------------------------------------------------------

Type  : Slow 1200mV 85C Model Setup 'thePLL_inst|altpll_component|auto_generated|pll1|clk[0]'
Slack : -5.599
TNS   : -153.550

Type  : Slow 1200mV 85C Model Setup 'thePLL_inst|altpll_component|auto_generated|pll1|clk[2]'
Slack : 11.974
TNS   : 0.000

Type  : Slow 1200mV 85C Model Setup 'thePLL_inst|altpll_component|auto_generated|pll1|clk[1]'
Slack : 32.251
TNS   : 0.000

Type  : Slow 1200mV 85C Model Hold 'thePLL_inst|altpll_component|auto_generated|pll1|clk[1]'
Slack : 0.345
TNS   : 0.000

Type  : Slow 1200mV 85C Model Hold 'thePLL_inst|altpll_component|auto_generated|pll1|clk[0]'
Slack : 0.460
TNS   : 0.000

Type  : Slow 1200mV 85C Model Hold 'thePLL_inst|altpll_component|auto_generated|pll1|clk[2]'
Slack : 0.547
TNS   : 0.000

Type  : Slow 1200mV 85C Model Minimum Pulse Width 'thePLL_inst|altpll_component|auto_generated|pll1|clk[2]'
Slack : 9.746
TNS   : 0.000

Type  : Slow 1200mV 85C Model Minimum Pulse Width 'CLOCK_50'
Slack : 9.747
TNS   : 0.000

Type  : Slow 1200mV 85C Model Minimum Pulse Width 'thePLL_inst|altpll_component|auto_generated|pll1|clk[1]'
Slack : 19.746
TNS   : 0.000

Type  : Slow 1200mV 85C Model Minimum Pulse Width 'thePLL_inst|altpll_component|auto_generated|pll1|clk[0]'
Slack : 20.576
TNS   : 0.000

Type  : Slow 1200mV 0C Model Setup 'thePLL_inst|altpll_component|auto_generated|pll1|clk[0]'
Slack : -4.867
TNS   : -132.357

Type  : Slow 1200mV 0C Model Setup 'thePLL_inst|altpll_component|auto_generated|pll1|clk[2]'
Slack : 12.838
TNS   : 0.000

Type  : Slow 1200mV 0C Model Setup 'thePLL_inst|altpll_component|auto_generated|pll1|clk[1]'
Slack : 33.092
TNS   : 0.000

Type  : Slow 1200mV 0C Model Hold 'thePLL_inst|altpll_component|auto_generated|pll1|clk[1]'
Slack : 0.301
TNS   : 0.000

Type  : Slow 1200mV 0C Model Hold 'thePLL_inst|altpll_component|auto_generated|pll1|clk[0]'
Slack : 0.444
TNS   : 0.000

Type  : Slow 1200mV 0C Model Hold 'thePLL_inst|altpll_component|auto_generated|pll1|clk[2]'
Slack : 0.491
TNS   : 0.000

Type  : Slow 1200mV 0C Model Minimum Pulse Width 'CLOCK_50'
Slack : 9.709
TNS   : 0.000

Type  : Slow 1200mV 0C Model Minimum Pulse Width 'thePLL_inst|altpll_component|auto_generated|pll1|clk[2]'
Slack : 9.743
TNS   : 0.000

Type  : Slow 1200mV 0C Model Minimum Pulse Width 'thePLL_inst|altpll_component|auto_generated|pll1|clk[1]'
Slack : 19.740
TNS   : 0.000

Type  : Slow 1200mV 0C Model Minimum Pulse Width 'thePLL_inst|altpll_component|auto_generated|pll1|clk[0]'
Slack : 20.580
TNS   : 0.000

Type  : Fast 1200mV 0C Model Setup 'thePLL_inst|altpll_component|auto_generated|pll1|clk[0]'
Slack : -2.451
TNS   : -63.923

Type  : Fast 1200mV 0C Model Setup 'thePLL_inst|altpll_component|auto_generated|pll1|clk[2]'
Slack : 15.456
TNS   : 0.000

Type  : Fast 1200mV 0C Model Setup 'thePLL_inst|altpll_component|auto_generated|pll1|clk[1]'
Slack : 35.555
TNS   : 0.000

Type  : Fast 1200mV 0C Model Hold 'thePLL_inst|altpll_component|auto_generated|pll1|clk[1]'
Slack : 0.179
TNS   : 0.000

Type  : Fast 1200mV 0C Model Hold 'thePLL_inst|altpll_component|auto_generated|pll1|clk[0]'
Slack : 0.240
TNS   : 0.000

Type  : Fast 1200mV 0C Model Hold 'thePLL_inst|altpll_component|auto_generated|pll1|clk[2]'
Slack : 0.290
TNS   : 0.000

Type  : Fast 1200mV 0C Model Minimum Pulse Width 'CLOCK_50'
Slack : 9.416
TNS   : 0.000

Type  : Fast 1200mV 0C Model Minimum Pulse Width 'thePLL_inst|altpll_component|auto_generated|pll1|clk[2]'
Slack : 9.782
TNS   : 0.000

Type  : Fast 1200mV 0C Model Minimum Pulse Width 'thePLL_inst|altpll_component|auto_generated|pll1|clk[1]'
Slack : 19.754
TNS   : 0.000

Type  : Fast 1200mV 0C Model Minimum Pulse Width 'thePLL_inst|altpll_component|auto_generated|pll1|clk[0]'
Slack : 20.584
TNS   : 0.000

------------------------------------------------------------
