------------------------------------------------------------
TimeQuest Timing Analyzer Summary
------------------------------------------------------------

Type  : Slow 1200mV 85C Model Setup 'thePLL_inst|altpll_component|auto_generated|pll1|clk[0]'
Slack : -5.297
TNS   : -146.074

Type  : Slow 1200mV 85C Model Setup 'thePLL_inst|altpll_component|auto_generated|pll1|clk[2]'
Slack : 11.924
TNS   : 0.000

Type  : Slow 1200mV 85C Model Setup 'thePLL_inst|altpll_component|auto_generated|pll1|clk[1]'
Slack : 32.428
TNS   : 0.000

Type  : Slow 1200mV 85C Model Hold 'thePLL_inst|altpll_component|auto_generated|pll1|clk[1]'
Slack : 0.358
TNS   : 0.000

Type  : Slow 1200mV 85C Model Hold 'thePLL_inst|altpll_component|auto_generated|pll1|clk[2]'
Slack : 0.358
TNS   : 0.000

Type  : Slow 1200mV 85C Model Hold 'thePLL_inst|altpll_component|auto_generated|pll1|clk[0]'
Slack : 0.421
TNS   : 0.000

Type  : Slow 1200mV 85C Model Minimum Pulse Width 'thePLL_inst|altpll_component|auto_generated|pll1|clk[2]'
Slack : 9.746
TNS   : 0.000

Type  : Slow 1200mV 85C Model Minimum Pulse Width 'CLOCK_50'
Slack : 9.747
TNS   : 0.000

Type  : Slow 1200mV 85C Model Minimum Pulse Width 'thePLL_inst|altpll_component|auto_generated|pll1|clk[1]'
Slack : 19.747
TNS   : 0.000

Type  : Slow 1200mV 85C Model Minimum Pulse Width 'thePLL_inst|altpll_component|auto_generated|pll1|clk[0]'
Slack : 20.577
TNS   : 0.000

Type  : Slow 1200mV 0C Model Setup 'thePLL_inst|altpll_component|auto_generated|pll1|clk[0]'
Slack : -4.545
TNS   : -125.322

Type  : Slow 1200mV 0C Model Setup 'thePLL_inst|altpll_component|auto_generated|pll1|clk[2]'
Slack : 12.836
TNS   : 0.000

Type  : Slow 1200mV 0C Model Setup 'thePLL_inst|altpll_component|auto_generated|pll1|clk[1]'
Slack : 33.298
TNS   : 0.000

Type  : Slow 1200mV 0C Model Hold 'thePLL_inst|altpll_component|auto_generated|pll1|clk[2]'
Slack : 0.311
TNS   : 0.000

Type  : Slow 1200mV 0C Model Hold 'thePLL_inst|altpll_component|auto_generated|pll1|clk[1]'
Slack : 0.312
TNS   : 0.000

Type  : Slow 1200mV 0C Model Hold 'thePLL_inst|altpll_component|auto_generated|pll1|clk[0]'
Slack : 0.408
TNS   : 0.000

Type  : Slow 1200mV 0C Model Minimum Pulse Width 'CLOCK_50'
Slack : 9.709
TNS   : 0.000

Type  : Slow 1200mV 0C Model Minimum Pulse Width 'thePLL_inst|altpll_component|auto_generated|pll1|clk[2]'
Slack : 9.743
TNS   : 0.000

Type  : Slow 1200mV 0C Model Minimum Pulse Width 'thePLL_inst|altpll_component|auto_generated|pll1|clk[1]'
Slack : 19.744
TNS   : 0.000

Type  : Slow 1200mV 0C Model Minimum Pulse Width 'thePLL_inst|altpll_component|auto_generated|pll1|clk[0]'
Slack : 20.580
TNS   : 0.000

Type  : Fast 1200mV 0C Model Setup 'thePLL_inst|altpll_component|auto_generated|pll1|clk[0]'
Slack : -2.280
TNS   : -59.634

Type  : Fast 1200mV 0C Model Setup 'thePLL_inst|altpll_component|auto_generated|pll1|clk[2]'
Slack : 15.380
TNS   : 0.000

Type  : Fast 1200mV 0C Model Setup 'thePLL_inst|altpll_component|auto_generated|pll1|clk[1]'
Slack : 35.691
TNS   : 0.000

Type  : Fast 1200mV 0C Model Hold 'thePLL_inst|altpll_component|auto_generated|pll1|clk[1]'
Slack : 0.186
TNS   : 0.000

Type  : Fast 1200mV 0C Model Hold 'thePLL_inst|altpll_component|auto_generated|pll1|clk[2]'
Slack : 0.186
TNS   : 0.000

Type  : Fast 1200mV 0C Model Hold 'thePLL_inst|altpll_component|auto_generated|pll1|clk[0]'
Slack : 0.214
TNS   : 0.000

Type  : Fast 1200mV 0C Model Minimum Pulse Width 'CLOCK_50'
Slack : 9.416
TNS   : 0.000

Type  : Fast 1200mV 0C Model Minimum Pulse Width 'thePLL_inst|altpll_component|auto_generated|pll1|clk[2]'
Slack : 9.782
TNS   : 0.000

Type  : Fast 1200mV 0C Model Minimum Pulse Width 'thePLL_inst|altpll_component|auto_generated|pll1|clk[1]'
Slack : 19.755
TNS   : 0.000

Type  : Fast 1200mV 0C Model Minimum Pulse Width 'thePLL_inst|altpll_component|auto_generated|pll1|clk[0]'
Slack : 20.585
TNS   : 0.000

------------------------------------------------------------
